src/app/actions/backup-actions.ts(254,12): error TS7006: Parameter 'r' implicitly has an 'any' type.
src/app/actions/backup-actions.ts(258,12): error TS7006: Parameter 'r' implicitly has an 'any' type.
src/app/actions/backup-actions.ts(262,12): error TS7006: Parameter 'r' implicitly has an 'any' type.
src/app/actions/backup-actions.ts(266,12): error TS7006: Parameter 'r' implicitly has an 'any' type.
src/app/actions/backup-actions.ts(270,12): error TS7006: Parameter 'r' implicitly has an 'any' type.
src/app/actions/backup-actions.ts(317,33): error TS7006: Parameter 'tx' implicitly has an 'any' type.
src/app/actions/backup-actions.ts(394,33): error TS7006: Parameter 'tx' implicitly has an 'any' type.
src/app/actions/goods-receipt-actions.ts(220,42): error TS7006: Parameter 'tx' implicitly has an 'any' type.
src/app/actions/goods-receipt-actions.ts(293,48): error TS7006: Parameter 'tx' implicitly has an 'any' type.
src/app/actions/lens-orders-actions.ts(184,35): error TS7031: Binding element 'lensOrder' implicitly has an 'any' type.
src/app/actions/lens-orders-actions.ts(184,46): error TS7031: Binding element 'client' implicitly has an 'any' type.
src/app/actions/lens-orders-actions.ts(184,54): error TS7031: Binding element 'prescriptionLegacy' implicitly has an 'any' type.
src/app/actions/lens-orders-actions.ts(231,35): error TS7031: Binding element 'lensOrder' implicitly has an 'any' type.
src/app/actions/lens-orders-actions.ts(231,46): error TS7031: Binding element 'prescriptionLegacy' implicitly has an 'any' type.
src/app/actions/lens-orders-actions.ts(563,35): error TS7031: Binding element 'lensOrder' implicitly has an 'any' type.
src/app/actions/lens-orders-actions.ts(563,46): error TS7031: Binding element 'prescriptionLegacy' implicitly has an 'any' type.
src/app/actions/lens-orders-actions.ts(1023,52): error TS7006: Parameter 'tx' implicitly has an 'any' type.
src/app/actions/lens-orders-actions.ts(1039,52): error TS7006: Parameter 'o' implicitly has an 'any' type.
src/app/actions/lens-orders-actions.ts(1453,50): error TS7006: Parameter 'o' implicitly has an 'any' type.
src/app/actions/lens-orders-actions.ts(1461,36): error TS7006: Parameter 'c' implicitly has an 'any' type.
src/app/actions/lens-orders-actions.ts(1465,41): error TS7006: Parameter 'order' implicitly has an 'any' type.
src/app/actions/payment-actions.ts(43,37): error TS2339: Property 'query' does not exist on type 'never'.
src/app/actions/payment-actions.ts(55,22): error TS2339: Property 'insert' does not exist on type 'never'.
src/app/actions/payment-actions.ts(68,22): error TS2339: Property 'update' does not exist on type 'never'.
src/app/actions/payment-actions.ts(82,51): error TS2339: Property 'update' does not exist on type 'never'.
src/app/actions/payment-actions.ts(94,51): error TS2339: Property 'update' does not exist on type 'never'.
src/app/actions/products-actions.ts(336,13): error TS2561: Object literal may only specify known properties, but 'couleurNom' does not exist in type 'Product'. Did you mean to write 'couleur'?
src/app/actions/products-actions.ts(343,13): error TS1117: An object literal cannot have multiple properties with the same name.
src/app/actions/products-actions.ts(432,51): error TS2551: Property 'categorie' does not exist on type 'ProductInput'. Did you mean 'categorieId'?
src/app/actions/products-actions.ts(475,9): error TS2554: Expected 2 arguments, but got 1.
src/app/actions/products-actions.ts(548,9): error TS2554: Expected 2 arguments, but got 1.
src/app/actions/products-actions.ts(579,13): error TS2554: Expected 2 arguments, but got 1.
src/app/actions/products-actions.ts(598,9): error TS2554: Expected 2 arguments, but got 1.
src/app/actions/products-actions.ts(671,37): error TS2551: Property 'categorie' does not exist on type 'ProductInput'. Did you mean 'categorieId'?
src/app/actions/products-actions.ts(672,36): error TS2551: Property 'categorie' does not exist on type 'ProductInput'. Did you mean 'categorieId'?
src/app/actions/products-actions.ts(708,9): error TS2554: Expected 2 arguments, but got 1.
src/app/actions/supplier-actions.ts(27,40): error TS7006: Parameter 'row' implicitly has an 'any' type.
src/app/actions/supplier-actions.ts(288,16): error TS7006: Parameter 'rows' implicitly has an 'any' type.
src/app/actions/supplier-actions.ts(292,16): error TS7006: Parameter 'rows' implicitly has an 'any' type.
src/app/actions/supplier-actions.ts(296,16): error TS7006: Parameter 'rows' implicitly has an 'any' type.
src/app/actions/supplier-actions.ts(300,16): error TS7006: Parameter 'rows' implicitly has an 'any' type.
src/app/actions/supplier-actions.ts(304,16): error TS7006: Parameter 'rows' implicitly has an 'any' type.
src/app/actions/supplier-credits-actions.ts(35,15): error TS7006: Parameter 'c' implicitly has an 'any' type.
src/app/actions/supplier-credits-actions.ts(36,16): error TS7006: Parameter 'sum' implicitly has an 'any' type.
src/app/actions/supplier-credits-actions.ts(36,21): error TS7006: Parameter 'c' implicitly has an 'any' type.
src/app/actions/supplier-credits-actions.ts(73,40): error TS7006: Parameter 'tx' implicitly has an 'any' type.
src/app/actions/supplier-orders-actions.ts(594,28): error TS7006: Parameter 'row' implicitly has an 'any' type.
src/app/actions/supplier-statement.ts(88,19): error TS7006: Parameter 'payment' implicitly has an 'any' type.
src/app/actions/supplier-statement.ts(88,30): error TS7031: Binding element 'and' implicitly has an 'any' type.
src/app/actions/supplier-statement.ts(88,35): error TS7031: Binding element 'eq' implicitly has an 'any' type.
src/app/actions/supplier-statement.ts(88,39): error TS7031: Binding element 'isNull' implicitly has an 'any' type.
src/app/actions/supplier-statement.ts(93,21): error TS7006: Parameter 'payment' implicitly has an 'any' type.
src/app/actions/supplier-statement.ts(93,32): error TS7031: Binding element 'desc' implicitly has an 'any' type.
src/app/actions/supplier-statement.ts(101,63): error TS7006: Parameter 'o' implicitly has an 'any' type.
src/app/actions/supplier-statement.ts(132,38): error TS7006: Parameter 'acc' implicitly has an 'any' type.
src/app/actions/supplier-statement.ts(132,43): error TS7006: Parameter 'item' implicitly has an 'any' type.
src/app/api/recu/[id]/pdf/route.ts(59,9): error TS2322: Type '"recu"' is not assignable to type 'DocType'.
src/components/products/invoice-scanner-dialog.tsx(432,68): error TS2339: Property 'count' does not exist on type '{ success: boolean; error?: undefined; } | { success: boolean; error: any; }'.
  Property 'count' does not exist on type '{ success: boolean; error?: undefined; }'.
src/components/suppliers/apply-credit-dialog.tsx(64,35): error TS7006: Parameter 'o' implicitly has an 'any' type.
src/components/suppliers/apply-credit-dialog.tsx(79,39): error TS7006: Parameter 'o' implicitly has an 'any' type.
src/components/suppliers/apply-credit-dialog.tsx(190,58): error TS7006: Parameter 'order' implicitly has an 'any' type.
src/db/migrations/clean_supplier_notes.ts(66,88): error TS7006: Parameter 'r' implicitly has an 'any' type.
src/db/migrations/migrate_contact_from_notes.ts(66,77): error TS7006: Parameter 'r' implicitly has an 'any' type.
src/features/sales/repository.ts(56,40): error TS7006: Parameter 'tx' implicitly has an 'any' type.
src/lib/db-queries/suppliers.ts(96,29): error TS18046: 'rows' is of type 'unknown'.
src/lib/db-queries/suppliers.ts(98,16): error TS18046: 'rows' is of type 'unknown'.
src/lib/db-queries/suppliers.ts(98,26): error TS7006: Parameter 'row' implicitly has an 'any' type.
src/types/db.ts(3,36): error TS2344: Type 'unknown' does not satisfy the constraint '(...args: any) => any'.
test-expenses.ts(17,30): error TS2339: Property 'storeId' does not exist on type 'PgTableWithColumns<{ name: "expenses_v2"; schema: undefined; columns: { id: PgColumn<{ name: "id"; tableName: "expenses_v2"; dataType: "number"; columnType: "PgSerial"; data: number; driverParam: number; notNull: true; hasDefault: true; ... 6 more ...; generated: undefined; }, {}, {}>; ... 15 more ...; updatedAt: Pg...'.
tmp/6bf20c4_document_settings_form.tsx(53,7): error TS2820: Type '"REÔö£├ºU"' is not assignable to type '"FACTURE" | "DEVIS" | "BON DE COMMANDE" | "RE├çU"'. Did you mean '"RE├çU"'?
tmp/6bf20c4_print_document_template.tsx(45,21): error TS2367: This comparison appears to be unintentional because the types '"FACTURE" | "DEVIS" | "BON DE COMMANDE" | "RE├çU"' and '"REÔö£├ºU"' have no overlap.
