
> nextn@0.1.0 typecheck
> tsc --noEmit

check-db.ts(2,9): error TS2451: Cannot redeclare block-scoped variable 'db'.
check-db.ts(3,9): error TS2451: Cannot redeclare block-scoped variable 'sql'.
check-db.ts(12,56): error TS7006: Parameter 'r' implicitly has an 'any' type.
debug-metadata.ts(2,27): error TS5097: An import path can only end with a '.ts' extension when 'allowImportingTsExtensions' is enabled.
debug-metadata.ts(12,22): error TS7006: Parameter 'r' implicitly has an 'any' type.
docs/reminder-system-examples.ts(12,10): error TS2724: '"@/app/actions/reminder-actions"' has no exported member named 'createCheckReminder'. Did you mean 'createReminder'?
docs/reminder-system-examples.ts(13,32): error TS2307: Cannot find module '@/lib/auth' or its corresponding type declarations.
docs/reminder-system-examples.ts(31,36): error TS2304: Cannot find name 'checks'.
scripts/check-shop-columns.ts(14,37): error TS7006: Parameter 'r' implicitly has an 'any' type.
scripts/cleanup-product-duplicates.ts(5,9): error TS2451: Cannot redeclare block-scoped variable 'db'.
scripts/cleanup-product-duplicates.ts(6,9): error TS2451: Cannot redeclare block-scoped variable 'sql'.
scripts/cleanup-product-duplicates.ts(32,46): error TS7006: Parameter 'i' implicitly has an 'any' type.
scripts/diagnose-login.ts(93,34): error TS18046: 'error' is of type 'unknown'.
scripts/diagnose-login.ts(94,37): error TS18046: 'error' is of type 'unknown'.
scripts/inspect-db.ts(13,53): error TS7006: Parameter 'r' implicitly has an 'any' type.
scripts/inspect-devis.ts(2,37): error TS2307: Cannot find module 'firebase-admin/app' or its corresponding type declarations.
scripts/inspect-devis.ts(3,30): error TS2307: Cannot find module 'firebase-admin/firestore' or its corresponding type declarations.
scripts/inspect-devis.ts(31,31): error TS7006: Parameter 'doc' implicitly has an 'any' type.
scripts/inspect-prescriptions.ts(2,37): error TS2307: Cannot find module 'firebase-admin/app' or its corresponding type declarations.
scripts/inspect-prescriptions.ts(3,30): error TS2307: Cannot find module 'firebase-admin/firestore' or its corresponding type declarations.
scripts/inspect-prescriptions.ts(31,35): error TS7006: Parameter 'doc' implicitly has an 'any' type.
scripts/inspect-prescriptions.ts(44,36): error TS7006: Parameter 'doc' implicitly has an 'any' type.
scripts/inspect-products.ts(2,37): error TS2307: Cannot find module 'firebase-admin/app' or its corresponding type declarations.
scripts/inspect-products.ts(3,30): error TS2307: Cannot find module 'firebase-admin/firestore' or its corresponding type declarations.
scripts/inspect-sales.ts(2,37): error TS2307: Cannot find module 'firebase-admin/app' or its corresponding type declarations.
scripts/inspect-sales.ts(3,30): error TS2307: Cannot find module 'firebase-admin/firestore' or its corresponding type declarations.
scripts/inspect-sales.ts(32,31): error TS7006: Parameter 'doc' implicitly has an 'any' type.
scripts/inspect-stock-movements.ts(2,37): error TS2307: Cannot find module 'firebase-admin/app' or its corresponding type declarations.
scripts/inspect-stock-movements.ts(3,30): error TS2307: Cannot find module 'firebase-admin/firestore' or its corresponding type declarations.
scripts/inspect-stock-movements.ts(31,31): error TS7006: Parameter 'doc' implicitly has an 'any' type.
scripts/inspect-supplier-orders.ts(2,37): error TS2307: Cannot find module 'firebase-admin/app' or its corresponding type declarations.
scripts/inspect-supplier-orders.ts(3,30): error TS2307: Cannot find module 'firebase-admin/firestore' or its corresponding type declarations.
scripts/inspect-supplier-orders.ts(31,31): error TS7006: Parameter 'doc' implicitly has an 'any' type.
scripts/inspect-suppliers.ts(11,26): error TS7006: Parameter 's' implicitly has an 'any' type.
scripts/inspect-treatments-location.ts(13,28): error TS7006: Parameter 't' implicitly has an 'any' type.
scripts/inspect-treatments-location.ts(22,25): error TS7006: Parameter 's' implicitly has an 'any' type.
scripts/inspect-user.ts(10,22): error TS7006: Parameter 'u' implicitly has an 'any' type.
scripts/migrate-all-collections.ts(6,37): error TS2307: Cannot find module 'firebase-admin/app' or its corresponding type declarations.
scripts/migrate-all-collections.ts(7,30): error TS2307: Cannot find module 'firebase-admin/firestore' or its corresponding type declarations.
scripts/migrate-devis.ts(2,24): error TS2307: Cannot find module 'firebase-admin' or its corresponding type declarations.
scripts/migrate-devis.ts(43,46): error TS7006: Parameter 'c' implicitly has an 'any' type.
scripts/migrate-devis.ts(46,42): error TS7006: Parameter 's' implicitly has an 'any' type.
scripts/migrate-firebase-to-neon.ts(1,24): error TS2307: Cannot find module 'firebase-admin' or its corresponding type declarations.
scripts/migrate-prescriptions.ts(2,24): error TS2307: Cannot find module 'firebase-admin' or its corresponding type declarations.
scripts/migrate-prescriptions.ts(40,46): error TS7006: Parameter 'c' implicitly has an 'any' type.
scripts/migrate-prescriptions.ts(93,87): error TS2339: Property 'firebaseId' does not exist on type 'PgTableWithColumns<{ name: "prescriptions"; schema: undefined; columns: { id: PgColumn<{ name: "id"; tableName: "prescriptions"; dataType: "string"; columnType: "PgUUID"; data: string; driverParam: string; notNull: true; ... 7 more ...; generated: undefined; }, {}, {}>; ... 17 more ...; updatedAt: PgColumn<...>; }; ...'.
scripts/migrate-products.ts(2,24): error TS2307: Cannot find module 'firebase-admin' or its corresponding type declarations.
scripts/migrate-sales.ts(2,24): error TS2307: Cannot find module 'firebase-admin' or its corresponding type declarations.
scripts/migrate-sales.ts(44,46): error TS7006: Parameter 'c' implicitly has an 'any' type.
scripts/migrate-stock-movements.ts(2,24): error TS2307: Cannot find module 'firebase-admin' or its corresponding type declarations.
scripts/migrate-stock-movements.ts(43,48): error TS7006: Parameter 'p' implicitly has an 'any' type.
scripts/migrate-supplier-orders.ts(2,24): error TS2307: Cannot find module 'firebase-admin' or its corresponding type declarations.
scripts/setup-db.ts(15,18): error TS2345: Argument of type 'SQL<unknown>' is not assignable to parameter of type 'TemplateStringsArray'.
  Type 'SQL<unknown>' is missing the following properties from type 'TemplateStringsArray': raw, length, concat, join, and 27 more.
scripts/simulate-admin.ts(21,81): error TS2339: Property 'timestamp' does not exist on type 'PgTableWithColumns<{ name: "audit_logs"; schema: undefined; columns: { id: PgColumn<{ name: "id"; tableName: "audit_logs"; dataType: "string"; columnType: "PgUUID"; data: string; driverParam: string; notNull: true; hasDefault: true; ... 6 more ...; generated: undefined; }, {}, {}>; ... 9 more ...; createdAt: PgColum...'.
scripts/verify-all-migrations.ts(61,37): error TS7006: Parameter 'p' implicitly has an 'any' type.
scripts/verify-all-migrations.ts(61,40): error TS7006: Parameter 'i' implicitly has an 'any' type.
scripts/verify-all-migrations.ts(69,34): error TS7006: Parameter 's' implicitly has an 'any' type.
scripts/verify-all-migrations.ts(69,37): error TS7006: Parameter 'i' implicitly has an 'any' type.
scripts/verify-all-migrations.ts(77,34): error TS7006: Parameter 'd' implicitly has an 'any' type.
scripts/verify-all-migrations.ts(77,37): error TS7006: Parameter 'i' implicitly has an 'any' type.
scripts/verify-migration.ts(23,42): error TS7006: Parameter 'client' implicitly has an 'any' type.
scripts/verify-migration.ts(23,50): error TS7006: Parameter 'index' implicitly has an 'any' type.
src/app/actions/accounting-actions.ts(73,46): error TS7006: Parameter 'sum' implicitly has an 'any' type.
src/app/actions/accounting-actions.ts(73,51): error TS7006: Parameter 's' implicitly has an 'any' type.
src/app/actions/accounting-actions.ts(80,25): error TS7006: Parameter 's' implicitly has an 'any' type.
src/app/actions/accounting-actions.ts(121,35): error TS7006: Parameter 's' implicitly has an 'any' type.
src/app/actions/accounting-actions.ts(132,25): error TS7006: Parameter 'row' implicitly has an 'any' type.
src/app/actions/accounting-actions.ts(132,40): error TS7006: Parameter 'cell' implicitly has an 'any' type.
src/app/actions/accounting-actions.ts(153,37): error TS7006: Parameter 'c' implicitly has an 'any' type.
src/app/actions/accounting-actions.ts(165,25): error TS7006: Parameter 'row' implicitly has an 'any' type.
src/app/actions/accounting-actions.ts(165,40): error TS7006: Parameter 'cell' implicitly has an 'any' type.
src/app/actions/accounting-actions.ts(186,38): error TS7006: Parameter 'p' implicitly has an 'any' type.
src/app/actions/accounting-actions.ts(198,25): error TS7006: Parameter 'row' implicitly has an 'any' type.
src/app/actions/accounting-actions.ts(198,40): error TS7006: Parameter 'cell' implicitly has an 'any' type.
src/app/actions/adminActions.ts(153,47): error TS7006: Parameter 'u' implicitly has an 'any' type.
src/app/actions/adminActions.ts(154,47): error TS7006: Parameter 'sum' implicitly has an 'any' type.
src/app/actions/adminActions.ts(154,52): error TS7006: Parameter 'u' implicitly has an 'any' type.
src/app/actions/backup-actions.ts(249,37): error TS7006: Parameter 'tx' implicitly has an 'any' type.
src/app/actions/backup-actions.ts(521,33): error TS7006: Parameter 'tx' implicitly has an 'any' type.
src/app/actions/client-transactions-actions.ts(32,53): error TS7006: Parameter 't' implicitly has an 'any' type.
src/app/actions/clientManagementActions.ts(3,36): error TS2307: Cannot find module '@/lib/firebaseAdmin' or its corresponding type declarations.
src/app/actions/contact-lens-prescriptions-actions.ts(82,59): error TS7006: Parameter 'p' implicitly has an 'any' type.
src/app/actions/devis-actions.ts(77,49): error TS7006: Parameter 'd' implicitly has an 'any' type.
src/app/actions/lens-orders-actions.ts(117,32): error TS7006: Parameter 'order' implicitly has an 'any' type.
src/app/actions/lens-orders-actions.ts(160,32): error TS7006: Parameter 'order' implicitly has an 'any' type.
src/app/actions/products-actions-secure-example.ts(26,50): error TS2345: Argument of type 'undefined' is not assignable to parameter of type 'string | number'.
src/app/actions/products-actions-secure-example.ts(185,50): error TS2345: Argument of type 'undefined' is not assignable to parameter of type 'string | number'.
src/app/actions/products-actions-secure-example.ts(205,36): error TS7006: Parameter 'p' implicitly has an 'any' type.
src/app/actions/products-actions-secure-example.ts(207,48): error TS2345: Argument of type 'undefined' is not assignable to parameter of type 'string | number'.
src/app/actions/products-actions.ts(250,9): error TS2554: Expected 2 arguments, but got 1.
src/app/actions/products-actions.ts(317,9): error TS2554: Expected 2 arguments, but got 1.
src/app/actions/products-actions.ts(381,17): error TS2554: Expected 2 arguments, but got 1.
src/app/actions/products-actions.ts(419,9): error TS2554: Expected 2 arguments, but got 1.
src/app/actions/products-actions.ts(674,9): error TS2554: Expected 2 arguments, but got 1.
src/app/actions/reminder-actions.ts(126,34): error TS7006: Parameter 'r' implicitly has an 'any' type.
src/app/actions/reminder-actions.ts(127,33): error TS7006: Parameter 'r' implicitly has an 'any' type.
src/app/actions/reminder-actions.ts(128,32): error TS7006: Parameter 'r' implicitly has an 'any' type.
src/app/actions/reminder-actions.ts(228,5): error TS2554: Expected 2 arguments, but got 1.
src/app/actions/reminder-actions.ts(244,5): error TS2554: Expected 2 arguments, but got 1.
src/app/actions/reminder-actions.ts(275,3): error TS2554: Expected 2 arguments, but got 1.
src/app/actions/reminder-actions.ts(305,3): error TS2554: Expected 2 arguments, but got 1.
src/app/actions/reminder-actions.ts(331,3): error TS2554: Expected 2 arguments, but got 1.
src/app/actions/reminder-actions.ts(363,3): error TS2554: Expected 2 arguments, but got 1.
src/app/actions/reminder-actions.ts(562,5): error TS2554: Expected 2 arguments, but got 1.
src/app/actions/seed-settings-actions.ts(340,51): error TS7006: Parameter 'i' implicitly has an 'any' type.
src/app/actions/seed-settings-actions.ts(379,51): error TS7006: Parameter 'i' implicitly has an 'any' type.
src/app/actions/seed-settings-actions.ts(420,51): error TS7006: Parameter 'i' implicitly has an 'any' type.
src/app/actions/seed-settings-actions.ts(457,51): error TS7006: Parameter 'i' implicitly has an 'any' type.
src/app/actions/seed-settings-actions.ts(494,51): error TS7006: Parameter 'i' implicitly has an 'any' type.
src/app/actions/seed-settings-actions.ts(531,51): error TS7006: Parameter 'i' implicitly has an 'any' type.
src/app/actions/seed-settings-actions.ts(568,51): error TS7006: Parameter 'i' implicitly has an 'any' type.
src/app/actions/seed-settings-actions.ts(605,51): error TS7006: Parameter 'i' implicitly has an 'any' type.
src/app/admin/ClientActions.tsx(56,45): error TS2339: Property 'message' does not exist on type '{ success: boolean; error: string; }'.
src/app/admin/ClientActions.tsx(83,45): error TS2339: Property 'message' does not exist on type '{ success: boolean; error: string; }'.
src/app/admin/components/PlanManagementModal.tsx(66,29): error TS2339: Property 'paymentMode' does not exist on type 'ClientData'.
src/app/admin/components/PlanManagementModal.tsx(67,30): error TS2339: Property 'billingCycle' does not exist on type 'ClientData'.
src/app/admin/components/PlanManagementModal.tsx(68,36): error TS2339: Property 'agreedPrice' does not exist on type 'ClientData'.
src/app/admin/components/PlanManagementModal.tsx(69,38): error TS2339: Property 'trainingPrice' does not exist on type 'ClientData'.
src/app/admin/components/PlanManagementModal.tsx(70,35): error TS2339: Property 'setupPrice' does not exist on type 'ClientData'.
src/app/admin/components/PlanManagementModal.tsx(71,35): error TS2339: Property 'amountPaid' does not exist on type 'ClientData'.
src/app/admin/components/PlanManagementModal.tsx(72,35): error TS2339: Property 'installmentsCount' does not exist on type 'ClientData'.
src/app/admin/components/PlanManagementModal.tsx(81,42): error TS2339: Property 'lastPaymentDate' does not exist on type 'ClientData'.
src/app/admin/components/PlanManagementModal.tsx(82,42): error TS2339: Property 'nextPaymentDate' does not exist on type 'ClientData'.
src/app/admin/components/PlanManagementModal.tsx(83,37): error TS2339: Property 'subscriptionExpiry' does not exist on type 'ClientData'.
src/app/api/auth/[...nextauth]/route.ts(10,25): error TS2345: Argument of type 'Request' is not assignable to parameter of type 'NextRequest'.
  Type 'Request' is missing the following properties from type 'NextRequest': cookies, nextUrl, page, ua
src/app/api/auth/[...nextauth]/route.ts(15,26): error TS2345: Argument of type 'Request' is not assignable to parameter of type 'NextRequest'.
  Type 'Request' is missing the following properties from type 'NextRequest': cookies, nextUrl, page, ua
src/app/api/cron/reminders/route.ts(34,23): error TS2339: Property 'notificationDate' does not exist on type 'PgTableWithColumns<{ name: "reminders"; schema: undefined; columns: { id: PgColumn<{ name: "id"; tableName: "reminders"; dataType: "number"; columnType: "PgSerial"; data: number; driverParam: number; notNull: true; hasDefault: true; ... 6 more ...; generated: undefined; }, {}, {}>; ... 11 more ...; updatedAt: PgColu...'.
src/app/api/cron/reminders/route.ts(36,22): error TS2339: Property 'notificationSent' does not exist on type 'PgTableWithColumns<{ name: "reminders"; schema: undefined; columns: { id: PgColumn<{ name: "id"; tableName: "reminders"; dataType: "number"; columnType: "PgSerial"; data: number; driverParam: number; notNull: true; hasDefault: true; ... 6 more ...; generated: undefined; }, {}, {}>; ... 11 more ...; updatedAt: PgColu...'.
src/app/api/cron/reminders/route.ts(38,17): error TS7006: Parameter 'reminders' implicitly has an 'any' type.
src/app/api/cron/reminders/route.ts(38,30): error TS7031: Binding element 'asc' implicitly has an 'any' type.
src/app/api/cron/reminders/route.ts(80,23): error TS2339: Property 'targetDate' does not exist on type 'PgTableWithColumns<{ name: "reminders"; schema: undefined; columns: { id: PgColumn<{ name: "id"; tableName: "reminders"; dataType: "number"; columnType: "PgSerial"; data: number; driverParam: number; notNull: true; hasDefault: true; ... 6 more ...; generated: undefined; }, {}, {}>; ... 11 more ...; updatedAt: PgColu...'.
src/app/api/cron/reminders/route.ts(82,22): error TS2339: Property 'isRecurring' does not exist on type 'PgTableWithColumns<{ name: "reminders"; schema: undefined; columns: { id: PgColumn<{ name: "id"; tableName: "reminders"; dataType: "number"; columnType: "PgSerial"; data: number; driverParam: number; notNull: true; hasDefault: true; ... 6 more ...; generated: undefined; }, {}, {}>; ... 11 more ...; updatedAt: PgColu...'.
src/app/dashboard/clients/[id]/_components/lens-order-form.tsx(101,28): error TS2554: Expected 0 arguments, but got 1.
src/app/dashboard/clients/[id]/_components/lens-order-list.tsx(205,13): error TS2339: Property 'notes' does not exist on type 'LensOrder'.
src/app/dashboard/clients/[id]/_components/lens-order-list.tsx(205,40): error TS2339: Property 'notes' does not exist on type 'LensOrder'.
src/app/dashboard/clients/[id]/_components/lens-order-list.tsx(564,31): error TS2339: Property 'ecartPupillaire' does not exist on type '{ sphere: string | null; cylinder: string | null; axis: string | null; addition: string | null; hauteur: string | null; }'.
src/app/dashboard/clients/[id]/_components/lens-order-list.tsx(574,30): error TS2339: Property 'ecartPupillaire' does not exist on type '{ sphere: string | null; cylinder: string | null; axis: string | null; addition: string | null; hauteur: string | null; }'.
src/app/dashboard/clients/[id]/_components/lens-order-list.tsx(618,44): error TS2339: Property 'diameter' does not exist on type '{ sphere: string | null; cylinder: string | null; axis: string | null; addition: string | null; hauteur: string | null; }'.
src/app/dashboard/clients/[id]/_components/lens-order-list.tsx(618,59): error TS2339: Property 'diameter' does not exist on type '{ sphere: string | null; cylinder: string | null; axis: string | null; addition: string | null; hauteur: string | null; }'.
src/app/dashboard/clients/[id]/_components/lens-order-list.tsx(618,80): error TS2339: Property 'diameter' does not exist on type '{ sphere: string | null; cylinder: string | null; axis: string | null; addition: string | null; hauteur: string | null; }'.
src/app/dashboard/clients/[id]/_components/lens-order-list.tsx(618,108): error TS2339: Property 'diameter' does not exist on type '{ sphere: string | null; cylinder: string | null; axis: string | null; addition: string | null; hauteur: string | null; }'.
src/app/dashboard/clients/[id]/_components/lens-order-list.tsx(624,29): error TS2339: Property 'notes' does not exist on type 'LensOrder'.
src/app/dashboard/clients/[id]/_components/lens-order-list.tsx(627,75): error TS2339: Property 'notes' does not exist on type 'LensOrder'.
src/app/dashboard/clients/[id]/_components/lens-order-list.tsx(857,9): error TS2322: Type 'LensOrder | null' is not assignable to type 'import("C:/Users/ousay/optimanager-pro3/src/app/actions/lens-orders-actions").LensOrder | null'.
  Type 'LensOrder' is missing the following properties from type 'LensOrder': userId, clientId, prescriptionId, sellingPrice, and 8 more.
src/app/dashboard/clients/[id]/_components/lens-order-list.tsx(980,30): error TS2339: Property 'notes' does not exist on type 'LensOrder'.
src/app/dashboard/clients/[id]/_components/lens-order-list.tsx(983,57): error TS2339: Property 'notes' does not exist on type 'LensOrder'.
src/app/dashboard/clients/[id]/_components/pos/client-pos.tsx(214,46): error TS2304: Cannot find name 'Button'.
src/app/dashboard/clients/[id]/_components/pos/client-pos.tsx(222,47): error TS2304: Cannot find name 'Button'.
src/app/dashboard/clients/[id]/_components/purchase-history-table.tsx(97,20): error TS2552: Cannot find name 'format'. Did you mean 'FormData'?
src/app/dashboard/clients/[id]/_components/purchase-history-table.tsx(138,45): error TS2552: Cannot find name 'getSales'. Did you mean 'setSales'?
src/app/dashboard/clients/[id]/_components/purchase-history-table.tsx(141,33): error TS7006: Parameter 's' implicitly has an 'any' type.
src/app/dashboard/clients/[id]/_components/purchase-history-table.tsx(142,32): error TS7006: Parameter 'a' implicitly has an 'any' type.
src/app/dashboard/clients/[id]/_components/purchase-history-table.tsx(142,35): error TS7006: Parameter 'b' implicitly has an 'any' type.
src/app/dashboard/clients/[id]/_components/purchase-history-table.tsx(258,46): error TS2367: This comparison appears to be unintentional because the types '"impaye" | "devis" | "paye" | "partiel" | "pay├®e" | "impay├®e" | "en_attente" | undefined' and '"recue"' have no overlap.
src/app/dashboard/clients/[id]/_components/purchase-history-table.tsx(258,73): error TS2367: This comparison appears to be unintentional because the types '"impaye" | "devis" | "paye" | "partiel" | "pay├®e" | "impay├®e" | "en_attente" | undefined' and '"livree"' have no overlap.
src/app/dashboard/clients/[id]/_components/purchase-history-table.tsx(272,46): error TS2367: This comparison appears to be unintentional because the types '"impaye" | "devis" | "paye" | "partiel" | "pay├®e" | "impay├®e" | "en_attente" | undefined' and '"recue"' have no overlap.
src/app/dashboard/clients/[id]/_components/receive-order-dialog.tsx(148,92): error TS2551: Property 'client' does not exist on type 'LensOrder'. Did you mean 'clientId'?
src/app/dashboard/devis/[id]/print/page.tsx(38,17): error TS2304: Cannot find name 'toast'.
src/app/dashboard/devis/[id]/print/page.tsx(49,21): error TS2304: Cannot find name 'toast'.
src/app/dashboard/ventes/[id]/page.tsx(94,55): error TS2339: Property 'telephone1' does not exist on type 'Client'.
src/app/dashboard/ventes/[id]/page.tsx(100,56): error TS2339: Property 'assuranceId' does not exist on type 'Client'.
src/app/dashboard/ventes/[id]/page.tsx(182,108): error TS2339: Property 'createdAt' does not exist on type 'Sale'.
src/app/dashboard/ventes/[id]/page.tsx(247,121): error TS2551: Property 'clientName' does not exist on type 'Sale'. Did you mean 'clientNom'?
src/app/dashboard/ventes/[id]/page.tsx(253,104): error TS2339: Property 'clientPhone' does not exist on type 'Sale'.
src/app/expenses/page.tsx(173,36): error TS7006: Parameter 'expense' implicitly has an 'any' type.
src/app/produits/[id]/page.tsx(85,55): error TS2339: Property 'name' does not exist on type 'Product'.
src/app/produits/[id]/page.tsx(86,59): error TS2339: Property 'salePrice' does not exist on type 'Product'.
src/app/produits/[id]/page.tsx(87,59): error TS2339: Property 'purchasePrice' does not exist on type 'Product'.
src/app/produits/[id]/page.tsx(88,60): error TS2339: Property 'stock' does not exist on type 'Product'.
src/app/produits/[id]/page.tsx(89,50): error TS2339: Property 'minStock' does not exist on type 'Product'.
src/app/produits/[id]/page.tsx(89,70): error TS2339: Property 'seuilAlerte' does not exist on type 'Product'.
src/app/produits/[id]/page.tsx(90,49): error TS2339: Property 'brand' does not exist on type 'Product'.
src/app/produits/[id]/page.tsx(241,47): error TS2339: Property 'createdAt' does not exist on type 'Product'.
src/app/produits/[id]/page.tsx(241,68): error TS2339: Property 'createdAt' does not exist on type 'Product'.
src/app/produits/[id]/page.tsx(241,105): error TS2339: Property 'createdAt' does not exist on type 'Product'.
src/app/produits/[id]/page.tsx(247,47): error TS2339: Property 'updatedAt' does not exist on type 'Product'.
src/app/produits/[id]/page.tsx(247,68): error TS2339: Property 'updatedAt' does not exist on type 'Product'.
src/app/produits/[id]/page.tsx(247,105): error TS2339: Property 'updatedAt' does not exist on type 'Product'.
src/app/produits/_components/product-form.tsx(292,18): error TS2322: Type '{ reference: string; matiereId: string | undefined; couleurId: string | undefined; categorie: string | undefined; marque: string | undefined; fournisseur: string | undefined; prixAchat: number; ... 9 more ...; isAchatTTC?: boolean | undefined; }[]' is not assignable to type 'ProductInput[]'.
  Type '{ reference: string; matiereId: string | undefined; couleurId: string | undefined; categorie: string | undefined; marque: string | undefined; fournisseur: string | undefined; prixAchat: number; ... 9 more ...; isAchatTTC?: boolean | undefined; }' is not assignable to type 'ProductInput'.
    Types of property 'marqueId' are incompatible.
      Type 'string | undefined' is not assignable to type 'string'.
        Type 'undefined' is not assignable to type 'string'.
src/app/suppliers/[id]/client-view.tsx(57,42): error TS2304: Cannot find name 'BackButton'.
src/app/suppliers/[id]/client-view.tsx(358,26): error TS2322: Type '{ children: Element; modal: boolean; open: boolean; onOpenChange: Dispatch<SetStateAction<boolean>>; }' is not assignable to type 'IntrinsicAttributes & AlertDialogProps'.
  Property 'modal' does not exist on type 'IntrinsicAttributes & AlertDialogProps'.
src/app/suppliers/[id]/edit/page.tsx(55,23): error TS2739: Type '{ nomCommercial: any; email: any; telephone: any; adresse: any; ville: any; delaiPaiement: any; modePaiement: any; banque: any; typeProduits: any; id: any; userId: any; name: any; phone: any; address: any; ... 17 more ...; defaultTaxMode: any; }' is missing the following properties from type 'Supplier': statut, dateCreation, dateModification
src/auth.ts(50,50): error TS2339: Property 'length' does not exist on type '{}'.
src/auth.ts(119,22): error TS18046: 'error' is of type 'unknown'.
src/auth.ts(120,20): error TS18046: 'error' is of type 'unknown'.
src/components/admin/create-user-form.tsx(4,10): error TS2305: Module '"@/app/actions/auth-actions"' has no exported member 'createNewUser'.
src/components/admin/create-user-form.tsx(29,5): error TS2353: Object literal may only specify known properties, and 'firstName' does not exist in type 'CreateUserInput | (() => CreateUserInput)'.
src/components/admin/create-user-form.tsx(47,11): error TS2353: Object literal may only specify known properties, and 'firstName' does not exist in type 'SetStateAction<CreateUserInput>'.
src/components/admin/create-user-form.tsx(76,33): error TS2339: Property 'firstName' does not exist on type 'CreateUserInput'.
src/components/admin/create-user-form.tsx(77,61): error TS2353: Object literal may only specify known properties, and 'firstName' does not exist in type 'SetStateAction<CreateUserInput>'.
src/components/admin/create-user-form.tsx(85,33): error TS2339: Property 'lastName' does not exist on type 'CreateUserInput'.
src/components/admin/create-user-form.tsx(86,61): error TS2353: Object literal may only specify known properties, and 'lastName' does not exist in type 'SetStateAction<CreateUserInput>'.
src/components/admin/CreateClientForm.tsx(25,49): error TS2686: 'React' refers to a UMD global, but the current file is a module. Consider adding an import instead.
src/components/admin/CreateClientForm.tsx(25,74): error TS2686: 'React' refers to a UMD global, but the current file is a module. Consider adding an import instead.
src/components/admin/CreateClientForm.tsx(25,96): error TS2686: 'React' refers to a UMD global, but the current file is a module. Consider adding an import instead.
src/components/admin/GlobalBannerManager.tsx(24,44): error TS2339: Property 'message' does not exist on type '{ success: boolean; error: string; }'.
src/components/clients/client-pos-tab.tsx(134,81): error TS2367: This comparison appears to be unintentional because the types 'string | undefined' and 'number' have no overlap.
src/components/clients/client-pos-tab.tsx(369,59): error TS2322: Type 'number' is not assignable to type 'string'.
src/components/clients/client-pos-tab.tsx(450,51): error TS2322: Type 'number' is not assignable to type 'string'.
src/components/clients/receive-lens-modal.tsx(91,50): error TS7006: Parameter 'supplier' implicitly has an 'any' type.
src/components/clients/receive-lens-modal.tsx(126,17): error TS2353: Object literal may only specify known properties, and 'supplierId' does not exist in type '{ blRef: string; finalCost: number; }'.
src/components/dashboard/clients/client-actions.tsx(48,21): error TS2353: Object literal may only specify known properties, and 'title' does not exist in type 'ReactElement<any, string | JSXElementConstructor<any>> | Iterable<ReactNode> | ReactPortal | Promise<...> | (() => ReactNode)'.
src/components/dashboard/clients/client-actions.tsx(54,21): error TS2353: Object literal may only specify known properties, and 'title' does not exist in type 'ReactElement<any, string | JSXElementConstructor<any>> | Iterable<ReactNode> | ReactPortal | Promise<...> | (() => ReactNode)'.
src/components/dashboard/clients/client-actions.tsx(61,17): error TS2353: Object literal may only specify known properties, and 'title' does not exist in type 'ReactElement<any, string | JSXElementConstructor<any>> | Iterable<ReactNode> | ReactPortal | Promise<...> | (() => ReactNode)'.
src/components/dashboard/clients/client-header.tsx(65,38): error TS2367: This comparison appears to be unintentional because the types '"Homme" | "Femme"' and '"M"' have no overlap.
src/components/dashboard/clients/client-header.tsx(93,29): error TS2339: Property 'hasProgressiveLenses' does not exist on type 'Client'.
src/components/dashboard/clients/client-header.tsx(98,29): error TS2339: Property 'wearContactLenses' does not exist on type 'Client'.
src/components/dashboard/commandes/columns.tsx(47,67): error TS2322: Type '{ className: string; title: string; }' is not assignable to type 'IntrinsicAttributes & Omit<LucideProps, "ref"> & RefAttributes<SVGSVGElement>'.
  Property 'title' does not exist on type 'IntrinsicAttributes & Omit<LucideProps, "ref"> & RefAttributes<SVGSVGElement>'.
src/components/dashboard/commandes/columns.tsx(49,66): error TS2322: Type '{ className: string; title: string; }' is not assignable to type 'IntrinsicAttributes & Omit<LucideProps, "ref"> & RefAttributes<SVGSVGElement>'.
  Property 'title' does not exist on type 'IntrinsicAttributes & Omit<LucideProps, "ref"> & RefAttributes<SVGSVGElement>'.
src/components/dashboard/commandes/columns.tsx(51,63): error TS2322: Type '{ className: string; title: string; }' is not assignable to type 'IntrinsicAttributes & Omit<LucideProps, "ref"> & RefAttributes<SVGSVGElement>'.
  Property 'title' does not exist on type 'IntrinsicAttributes & Omit<LucideProps, "ref"> & RefAttributes<SVGSVGElement>'.
src/components/dashboard/commandes/columns.tsx(53,68): error TS2322: Type '{ className: string; title: string; }' is not assignable to type 'IntrinsicAttributes & Omit<LucideProps, "ref"> & RefAttributes<SVGSVGElement>'.
  Property 'title' does not exist on type 'IntrinsicAttributes & Omit<LucideProps, "ref"> & RefAttributes<SVGSVGElement>'.
src/components/dashboard/commandes/columns.tsx(55,66): error TS2322: Type '{ className: string; title: string; }' is not assignable to type 'IntrinsicAttributes & Omit<LucideProps, "ref"> & RefAttributes<SVGSVGElement>'.
  Property 'title' does not exist on type 'IntrinsicAttributes & Omit<LucideProps, "ref"> & RefAttributes<SVGSVGElement>'.
src/components/dashboard/commandes/columns.tsx(57,70): error TS2322: Type '{ className: string; title: string; }' is not assignable to type 'IntrinsicAttributes & Omit<LucideProps, "ref"> & RefAttributes<SVGSVGElement>'.
  Property 'title' does not exist on type 'IntrinsicAttributes & Omit<LucideProps, "ref"> & RefAttributes<SVGSVGElement>'.
src/components/dashboard/commandes/columns.tsx(59,68): error TS2322: Type '{ className: string; title: string; }' is not assignable to type 'IntrinsicAttributes & Omit<LucideProps, "ref"> & RefAttributes<SVGSVGElement>'.
  Property 'title' does not exist on type 'IntrinsicAttributes & Omit<LucideProps, "ref"> & RefAttributes<SVGSVGElement>'.
src/components/dashboard/commandes/columns.tsx(61,67): error TS2322: Type '{ className: string; title: string; }' is not assignable to type 'IntrinsicAttributes & Omit<LucideProps, "ref"> & RefAttributes<SVGSVGElement>'.
  Property 'title' does not exist on type 'IntrinsicAttributes & Omit<LucideProps, "ref"> & RefAttributes<SVGSVGElement>'.
src/components/dashboard/commandes/columns.tsx(64,67): error TS2322: Type '{ className: string; title: string; }' is not assignable to type 'IntrinsicAttributes & Omit<LucideProps, "ref"> & RefAttributes<SVGSVGElement>'.
  Property 'title' does not exist on type 'IntrinsicAttributes & Omit<LucideProps, "ref"> & RefAttributes<SVGSVGElement>'.
src/components/dashboard/devis/columns.tsx(48,66): error TS2322: Type '{ className: string; title: string; }' is not assignable to type 'IntrinsicAttributes & Omit<LucideProps, "ref"> & RefAttributes<SVGSVGElement>'.
  Property 'title' does not exist on type 'IntrinsicAttributes & Omit<LucideProps, "ref"> & RefAttributes<SVGSVGElement>'.
src/components/dashboard/lens-orders/update-status-dialog.tsx(4,10): error TS2724: '"@/app/actions/lens-orders-actions"' has no exported member named 'updateLensOrderStatus'. Did you mean 'updateLensOrder'?
src/components/dashboard/supplier-orders/columns.tsx(39,61): error TS2322: Type '{ className: string; title: string; }' is not assignable to type 'IntrinsicAttributes & Omit<LucideProps, "ref"> & RefAttributes<SVGSVGElement>'.
  Property 'title' does not exist on type 'IntrinsicAttributes & Omit<LucideProps, "ref"> & RefAttributes<SVGSVGElement>'.
src/components/dashboard/supplier-payments/supplier-payment-form.tsx(93,16): error TS2339: Property 'paymentStatus' does not exist on type 'SupplierOrder'.
src/components/dashboard/supplier-payments/supplier-payment-form.tsx(93,48): error TS2339: Property 'paymentStatus' does not exist on type 'SupplierOrder'.
src/components/expenses/expense-filters.tsx(15,29): error TS2307: Cannot find module 'use-debounce' or its corresponding type declarations.
src/components/expenses/expense-form.tsx(64,13): error TS2322: Type 'string[] | null' is not assignable to type '(string | undefined)[] | undefined'.
  Type 'null' is not assignable to type '(string | undefined)[] | undefined'.
src/components/prescriptions/prescription-form.tsx(81,18): error TS2322: Type '"warning"' is not assignable to type '"default" | "destructive" | null | undefined'.
src/components/products/invoice-scanner-dialog.tsx(873,25): error TS2304: Cannot find name 'duplicateMap'.
src/components/products/invoice-scanner-dialog.tsx(873,51): error TS2304: Cannot find name 'duplicateMap'.
src/components/settings/manage-brands.tsx(66,17): error TS2352: Conversion of type 'ActionResponse<any>' to type 'Brand[]' may be a mistake because neither type sufficiently overlaps with the other. If this was intentional, convert the expression to 'unknown' first.
  Type 'ActionResponse<any>' is missing the following properties from type 'Brand[]': length, pop, push, concat, and 35 more.
src/components/settings/manage-categories.tsx(26,21): error TS2352: Conversion of type 'ActionResponse<any>' to type 'Category[]' may be a mistake because neither type sufficiently overlaps with the other. If this was intentional, convert the expression to 'unknown' first.
  Type 'ActionResponse<any>' is missing the following properties from type 'Category[]': length, pop, push, concat, and 35 more.
src/components/settings/manage-generic.tsx(73,16): error TS2352: Conversion of type 'ActionResponse<any>' to type 'SettingsItem[]' may be a mistake because neither type sufficiently overlaps with the other. If this was intentional, convert the expression to 'unknown' first.
  Type 'ActionResponse<any>' is missing the following properties from type 'SettingsItem[]': length, pop, push, concat, and 35 more.
src/components/settings/manage-materials.tsx(51,20): error TS2352: Conversion of type 'ActionResponse<any>' to type 'Material[]' may be a mistake because neither type sufficiently overlaps with the other. If this was intentional, convert the expression to 'unknown' first.
  Type 'ActionResponse<any>' is missing the following properties from type 'Material[]': length, pop, push, concat, and 35 more.
src/components/suppliers/orders/supplier-orders-stats.tsx(30,79): error TS2322: Type '{ children: Element; className: string; from: string; }' is not assignable to type 'IntrinsicAttributes & SpotlightCardProps'.
  Property 'from' does not exist on type 'IntrinsicAttributes & SpotlightCardProps'.
src/components/suppliers/orders/supplier-orders-stats.tsx(44,79): error TS2322: Type '{ children: Element; className: string; from: string; }' is not assignable to type 'IntrinsicAttributes & SpotlightCardProps'.
  Property 'from' does not exist on type 'IntrinsicAttributes & SpotlightCardProps'.
src/lib/expenses/api.ts(258,58): error TS7006: Parameter 'url' implicitly has an 'any' type.
src/lib/expenses/api.ts(349,47): error TS7006: Parameter 'acc' implicitly has an 'any' type.
src/lib/expenses/api.ts(349,52): error TS7006: Parameter 'curr' implicitly has an 'any' type.
src/lib/expenses/api.ts(354,51): error TS7006: Parameter 'acc' implicitly has an 'any' type.
src/lib/expenses/api.ts(354,56): error TS7006: Parameter 'curr' implicitly has an 'any' type.
src/lib/expenses/api.ts(361,13): error TS2561: Object literal may only specify known properties, but 'totalCount' does not exist in type 'ExpenseStats'. Did you mean to write 'totalAmount'?
test-db.ts(10,52): error TS18046: 'e' is of type 'unknown'.
